// Jest Snapshot v1, https://goo.gl/fbAQLP

exports[`Pruebas en <GifGridItem /> debe mostrar correctamente  1`] = `
<div
  className="card animate__fadeIn"
>
  <img />
  <p />
</div>
`;
